---
source: src/scanner.rs
assertion_line: 883
expression: tokens
---
[
    Token {
        token_type: Var,
        start: 0,
        length: 3,
        line: 1,
    },
    Token {
        token_type: Identifier,
        start: 4,
        length: 5,
        line: 1,
    },
    Token {
        token_type: Equal,
        start: 10,
        length: 1,
        line: 1,
    },
    Token {
        token_type: Number,
        start: 12,
        length: 1,
        line: 1,
    },
    Token {
        token_type: NewLine,
        start: 13,
        length: 1,
        line: 1,
    },
    Token {
        token_type: Var,
        start: 14,
        length: 3,
        line: 2,
    },
    Token {
        token_type: Identifier,
        start: 18,
        length: 11,
        line: 2,
    },
    Token {
        token_type: Equal,
        start: 30,
        length: 1,
        line: 2,
    },
    Token {
        token_type: Number,
        start: 32,
        length: 3,
        line: 2,
    },
    Token {
        token_type: NewLine,
        start: 35,
        length: 1,
        line: 2,
    },
    Token {
        token_type: Var,
        start: 36,
        length: 3,
        line: 3,
    },
    Token {
        token_type: Identifier,
        start: 40,
        length: 4,
        line: 3,
    },
    Token {
        token_type: Equal,
        start: 45,
        length: 1,
        line: 3,
    },
    Token {
        token_type: String,
        start: 47,
        length: 22,
        line: 3,
    },
    Token {
        token_type: NewLine,
        start: 69,
        length: 1,
        line: 3,
    },
    Token {
        token_type: Var,
        start: 70,
        length: 3,
        line: 4,
    },
    Token {
        token_type: Identifier,
        start: 74,
        length: 8,
        line: 4,
    },
    Token {
        token_type: Equal,
        start: 83,
        length: 1,
        line: 4,
    },
    Token {
        token_type: False,
        start: 85,
        length: 5,
        line: 4,
    },
    Token {
        token_type: NewLine,
        start: 90,
        length: 1,
        line: 4,
    },
    Token {
        token_type: Fn,
        start: 92,
        length: 2,
        line: 6,
    },
    Token {
        token_type: Identifier,
        start: 95,
        length: 12,
        line: 6,
    },
    Token {
        token_type: LeftParen,
        start: 107,
        length: 1,
        line: 6,
    },
    Token {
        token_type: RightParen,
        start: 108,
        length: 1,
        line: 6,
    },
    Token {
        token_type: Colon,
        start: 109,
        length: 1,
        line: 6,
    },
    Token {
        token_type: NewLine,
        start: 110,
        length: 1,
        line: 6,
    },
    Token {
        token_type: Indent,
        start: 111,
        length: 4,
        line: 7,
    },
    Token {
        token_type: Identifier,
        start: 115,
        length: 5,
        line: 7,
    },
    Token {
        token_type: LeftParen,
        start: 120,
        length: 1,
        line: 7,
    },
    Token {
        token_type: String,
        start: 121,
        length: 56,
        line: 7,
    },
    Token {
        token_type: RightParen,
        start: 177,
        length: 1,
        line: 7,
    },
    Token {
        token_type: NewLine,
        start: 178,
        length: 1,
        line: 7,
    },
    Token {
        token_type: Identifier,
        start: 183,
        length: 5,
        line: 8,
    },
    Token {
        token_type: LeftParen,
        start: 188,
        length: 1,
        line: 8,
    },
    Token {
        token_type: String,
        start: 189,
        length: 29,
        line: 8,
    },
    Token {
        token_type: Plus,
        start: 219,
        length: 1,
        line: 8,
    },
    Token {
        token_type: Identifier,
        start: 221,
        length: 6,
        line: 8,
    },
    Token {
        token_type: LeftParen,
        start: 227,
        length: 1,
        line: 8,
    },
    Token {
        token_type: Identifier,
        start: 228,
        length: 11,
        line: 8,
    },
    Token {
        token_type: RightParen,
        start: 239,
        length: 1,
        line: 8,
    },
    Token {
        token_type: RightParen,
        start: 240,
        length: 1,
        line: 8,
    },
    Token {
        token_type: NewLine,
        start: 241,
        length: 1,
        line: 8,
    },
    Token {
        token_type: Identifier,
        start: 246,
        length: 5,
        line: 9,
    },
    Token {
        token_type: LeftParen,
        start: 251,
        length: 1,
        line: 9,
    },
    Token {
        token_type: String,
        start: 252,
        length: 9,
        line: 9,
    },
    Token {
        token_type: Plus,
        start: 262,
        length: 1,
        line: 9,
    },
    Token {
        token_type: Identifier,
        start: 264,
        length: 6,
        line: 9,
    },
    Token {
        token_type: LeftParen,
        start: 270,
        length: 1,
        line: 9,
    },
    Token {
        token_type: Identifier,
        start: 271,
        length: 5,
        line: 9,
    },
    Token {
        token_type: RightParen,
        start: 276,
        length: 1,
        line: 9,
    },
    Token {
        token_type: RightParen,
        start: 277,
        length: 1,
        line: 9,
    },
    Token {
        token_type: NewLine,
        start: 278,
        length: 1,
        line: 9,
    },
    Token {
        token_type: Identifier,
        start: 283,
        length: 5,
        line: 10,
    },
    Token {
        token_type: LeftParen,
        start: 288,
        length: 1,
        line: 10,
    },
    Token {
        token_type: String,
        start: 289,
        length: 56,
        line: 10,
    },
    Token {
        token_type: RightParen,
        start: 345,
        length: 1,
        line: 10,
    },
    Token {
        token_type: NewLine,
        start: 346,
        length: 1,
        line: 10,
    },
    Token {
        token_type: Identifier,
        start: 351,
        length: 5,
        line: 11,
    },
    Token {
        token_type: LeftParen,
        start: 356,
        length: 1,
        line: 11,
    },
    Token {
        token_type: String,
        start: 357,
        length: 2,
        line: 11,
    },
    Token {
        token_type: RightParen,
        start: 359,
        length: 1,
        line: 11,
    },
    Token {
        token_type: NewLine,
        start: 360,
        length: 1,
        line: 11,
    },
    Token {
        token_type: Dedent,
        start: 363,
        length: 0,
        line: 14,
    },
    Token {
        token_type: While,
        start: 363,
        length: 5,
        line: 14,
    },
    Token {
        token_type: Identifier,
        start: 369,
        length: 8,
        line: 14,
    },
    Token {
        token_type: EqualEqual,
        start: 378,
        length: 2,
        line: 14,
    },
    Token {
        token_type: False,
        start: 381,
        length: 5,
        line: 14,
    },
    Token {
        token_type: Colon,
        start: 386,
        length: 1,
        line: 14,
    },
    Token {
        token_type: NewLine,
        start: 387,
        length: 1,
        line: 14,
    },
    Token {
        token_type: Indent,
        start: 388,
        length: 4,
        line: 15,
    },
    Token {
        token_type: Var,
        start: 392,
        length: 3,
        line: 15,
    },
    Token {
        token_type: Identifier,
        start: 396,
        length: 6,
        line: 15,
    },
    Token {
        token_type: Equal,
        start: 403,
        length: 1,
        line: 15,
    },
    Token {
        token_type: Identifier,
        start: 405,
        length: 5,
        line: 15,
    },
    Token {
        token_type: LeftParen,
        start: 410,
        length: 1,
        line: 15,
    },
    Token {
        token_type: Identifier,
        start: 411,
        length: 12,
        line: 15,
    },
    Token {
        token_type: LeftParen,
        start: 423,
        length: 1,
        line: 15,
    },
    Token {
        token_type: Number,
        start: 424,
        length: 1,
        line: 15,
    },
    Token {
        token_type: Comma,
        start: 425,
        length: 1,
        line: 15,
    },
    Token {
        token_type: Identifier,
        start: 427,
        length: 11,
        line: 15,
    },
    Token {
        token_type: RightParen,
        start: 438,
        length: 1,
        line: 15,
    },
    Token {
        token_type: RightParen,
        start: 439,
        length: 1,
        line: 15,
    },
    Token {
        token_type: NewLine,
        start: 440,
        length: 1,
        line: 15,
    },
    Token {
        token_type: Var,
        start: 445,
        length: 3,
        line: 16,
    },
    Token {
        token_type: Identifier,
        start: 449,
        length: 5,
        line: 16,
    },
    Token {
        token_type: Equal,
        start: 455,
        length: 1,
        line: 16,
    },
    Token {
        token_type: Null,
        start: 457,
        length: 4,
        line: 16,
    },
    Token {
        token_type: NewLine,
        start: 461,
        length: 1,
        line: 16,
    },
    Token {
        token_type: While,
        start: 467,
        length: 5,
        line: 18,
    },
    Token {
        token_type: Identifier,
        start: 473,
        length: 5,
        line: 18,
    },
    Token {
        token_type: BangEqual,
        start: 479,
        length: 2,
        line: 18,
    },
    Token {
        token_type: Identifier,
        start: 482,
        length: 6,
        line: 18,
    },
    Token {
        token_type: Colon,
        start: 488,
        length: 1,
        line: 18,
    },
    Token {
        token_type: NewLine,
        start: 489,
        length: 1,
        line: 18,
    },
    Token {
        token_type: Indent,
        start: 490,
        length: 8,
        line: 19,
    },
    Token {
        token_type: Identifier,
        start: 498,
        length: 5,
        line: 19,
    },
    Token {
        token_type: LeftParen,
        start: 503,
        length: 1,
        line: 19,
    },
    Token {
        token_type: RightParen,
        start: 504,
        length: 1,
        line: 19,
    },
    Token {
        token_type: NewLine,
        start: 505,
        length: 1,
        line: 19,
    },
    Token {
        token_type: Identifier,
        start: 515,
        length: 12,
        line: 21,
    },
    Token {
        token_type: LeftParen,
        start: 527,
        length: 1,
        line: 21,
    },
    Token {
        token_type: RightParen,
        start: 528,
        length: 1,
        line: 21,
    },
    Token {
        token_type: NewLine,
        start: 529,
        length: 1,
        line: 21,
    },
    Token {
        token_type: Identifier,
        start: 538,
        length: 5,
        line: 22,
    },
    Token {
        token_type: LeftParen,
        start: 543,
        length: 1,
        line: 22,
    },
    Token {
        token_type: Identifier,
        start: 544,
        length: 4,
        line: 22,
    },
    Token {
        token_type: RightParen,
        start: 548,
        length: 1,
        line: 22,
    },
    Token {
        token_type: NewLine,
        start: 549,
        length: 1,
        line: 22,
    },
    Token {
        token_type: Var,
        start: 565,
        length: 3,
        line: 24,
    },
    Token {
        token_type: Identifier,
        start: 569,
        length: 11,
        line: 24,
    },
    Token {
        token_type: Equal,
        start: 581,
        length: 1,
        line: 24,
    },
    Token {
        token_type: Identifier,
        start: 583,
        length: 5,
        line: 24,
    },
    Token {
        token_type: LeftParen,
        start: 588,
        length: 1,
        line: 24,
    },
    Token {
        token_type: String,
        start: 589,
        length: 9,
        line: 24,
    },
    Token {
        token_type: RightParen,
        start: 598,
        length: 1,
        line: 24,
    },
    Token {
        token_type: NewLine,
        start: 599,
        length: 1,
        line: 24,
    },
    Token {
        token_type: Identifier,
        start: 609,
        length: 5,
        line: 26,
    },
    Token {
        token_type: Equal,
        start: 615,
        length: 1,
        line: 26,
    },
    Token {
        token_type: Identifier,
        start: 617,
        length: 6,
        line: 26,
    },
    Token {
        token_type: LeftParen,
        start: 623,
        length: 1,
        line: 26,
    },
    Token {
        token_type: Identifier,
        start: 624,
        length: 11,
        line: 26,
    },
    Token {
        token_type: RightParen,
        start: 635,
        length: 1,
        line: 26,
    },
    Token {
        token_type: NewLine,
        start: 636,
        length: 1,
        line: 26,
    },
    Token {
        token_type: If,
        start: 645,
        length: 2,
        line: 27,
    },
    Token {
        token_type: Identifier,
        start: 648,
        length: 5,
        line: 27,
    },
    Token {
        token_type: BangEqual,
        start: 654,
        length: 2,
        line: 27,
    },
    Token {
        token_type: Null,
        start: 657,
        length: 4,
        line: 27,
    },
    Token {
        token_type: Colon,
        start: 661,
        length: 1,
        line: 27,
    },
    Token {
        token_type: NewLine,
        start: 662,
        length: 1,
        line: 27,
    },
    Token {
        token_type: Indent,
        start: 663,
        length: 12,
        line: 28,
    },
    Token {
        token_type: If,
        start: 675,
        length: 2,
        line: 28,
    },
    Token {
        token_type: Identifier,
        start: 678,
        length: 5,
        line: 28,
    },
    Token {
        token_type: Less,
        start: 684,
        length: 1,
        line: 28,
    },
    Token {
        token_type: Identifier,
        start: 686,
        length: 6,
        line: 28,
    },
    Token {
        token_type: Colon,
        start: 692,
        length: 1,
        line: 28,
    },
    Token {
        token_type: NewLine,
        start: 693,
        length: 1,
        line: 28,
    },
    Token {
        token_type: Indent,
        start: 694,
        length: 16,
        line: 29,
    },
    Token {
        token_type: Identifier,
        start: 710,
        length: 4,
        line: 29,
    },
    Token {
        token_type: Equal,
        start: 715,
        length: 1,
        line: 29,
    },
    Token {
        token_type: Identifier,
        start: 717,
        length: 6,
        line: 29,
    },
    Token {
        token_type: LeftParen,
        start: 723,
        length: 1,
        line: 29,
    },
    Token {
        token_type: Identifier,
        start: 724,
        length: 5,
        line: 29,
    },
    Token {
        token_type: RightParen,
        start: 729,
        length: 1,
        line: 29,
    },
    Token {
        token_type: Plus,
        start: 731,
        length: 1,
        line: 29,
    },
    Token {
        token_type: String,
        start: 733,
        length: 15,
        line: 29,
    },
    Token {
        token_type: NewLine,
        start: 748,
        length: 1,
        line: 29,
    },
    Token {
        token_type: Dedent,
        start: 749,
        length: 12,
        line: 30,
    },
    Token {
        token_type: Else,
        start: 761,
        length: 4,
        line: 30,
    },
    Token {
        token_type: If,
        start: 766,
        length: 2,
        line: 30,
    },
    Token {
        token_type: Identifier,
        start: 769,
        length: 5,
        line: 30,
    },
    Token {
        token_type: Greater,
        start: 775,
        length: 1,
        line: 30,
    },
    Token {
        token_type: Identifier,
        start: 777,
        length: 6,
        line: 30,
    },
    Token {
        token_type: Colon,
        start: 783,
        length: 1,
        line: 30,
    },
    Token {
        token_type: NewLine,
        start: 784,
        length: 1,
        line: 30,
    },
    Token {
        token_type: Indent,
        start: 785,
        length: 16,
        line: 31,
    },
    Token {
        token_type: Identifier,
        start: 801,
        length: 4,
        line: 31,
    },
    Token {
        token_type: Equal,
        start: 806,
        length: 1,
        line: 31,
    },
    Token {
        token_type: Identifier,
        start: 808,
        length: 6,
        line: 31,
    },
    Token {
        token_type: LeftParen,
        start: 814,
        length: 1,
        line: 31,
    },
    Token {
        token_type: Identifier,
        start: 815,
        length: 5,
        line: 31,
    },
    Token {
        token_type: RightParen,
        start: 820,
        length: 1,
        line: 31,
    },
    Token {
        token_type: Plus,
        start: 822,
        length: 1,
        line: 31,
    },
    Token {
        token_type: String,
        start: 824,
        length: 16,
        line: 31,
    },
    Token {
        token_type: NewLine,
        start: 840,
        length: 1,
        line: 31,
    },
    Token {
        token_type: Dedent,
        start: 841,
        length: 8,
        line: 32,
    },
    Token {
        token_type: Dedent,
        start: 849,
        length: 0,
        line: 32,
    },
    Token {
        token_type: Else,
        start: 849,
        length: 4,
        line: 32,
    },
    Token {
        token_type: Colon,
        start: 853,
        length: 1,
        line: 32,
    },
    Token {
        token_type: NewLine,
        start: 854,
        length: 1,
        line: 32,
    },
    Token {
        token_type: Indent,
        start: 855,
        length: 12,
        line: 33,
    },
    Token {
        token_type: Identifier,
        start: 867,
        length: 4,
        line: 33,
    },
    Token {
        token_type: Equal,
        start: 872,
        length: 1,
        line: 33,
    },
    Token {
        token_type: String,
        start: 874,
        length: 42,
        line: 33,
    },
    Token {
        token_type: NewLine,
        start: 916,
        length: 1,
        line: 33,
    },
    Token {
        token_type: Dedent,
        start: 918,
        length: 4,
        line: 35,
    },
    Token {
        token_type: Dedent,
        start: 922,
        length: 0,
        line: 35,
    },
    Token {
        token_type: Identifier,
        start: 922,
        length: 5,
        line: 35,
    },
    Token {
        token_type: LeftParen,
        start: 927,
        length: 1,
        line: 35,
    },
    Token {
        token_type: RightParen,
        start: 928,
        length: 1,
        line: 35,
    },
    Token {
        token_type: NewLine,
        start: 929,
        length: 1,
        line: 35,
    },
    Token {
        token_type: Identifier,
        start: 934,
        length: 5,
        line: 36,
    },
    Token {
        token_type: Equal,
        start: 940,
        length: 1,
        line: 36,
    },
    Token {
        token_type: Identifier,
        start: 942,
        length: 5,
        line: 36,
    },
    Token {
        token_type: Plus,
        start: 948,
        length: 1,
        line: 36,
    },
    Token {
        token_type: Number,
        start: 950,
        length: 1,
        line: 36,
    },
    Token {
        token_type: NewLine,
        start: 951,
        length: 1,
        line: 36,
    },
    Token {
        token_type: Identifier,
        start: 956,
        length: 4,
        line: 37,
    },
    Token {
        token_type: Equal,
        start: 961,
        length: 1,
        line: 37,
    },
    Token {
        token_type: String,
        start: 963,
        length: 31,
        line: 37,
    },
    Token {
        token_type: NewLine,
        start: 994,
        length: 1,
        line: 37,
    },
    Token {
        token_type: Dedent,
        start: 995,
        length: 0,
        line: 38,
    },
    Token {
        token_type: Eof,
        start: 995,
        length: 0,
        line: 38,
    },
]
